// Jest Snapshot v1, https://goo.gl/fbAQLP

exports[`Navbar renders a Navbar 1`] = `
{
  "asFragment": [Function],
  "baseElement": <body>
    <div>
      <div
        class="container className"
      >
        <div>
          <a
            href="/"
          >
            home |
          </a>
          <a
            href="/product-list"
          >
            | our t-shirts
          </a>
        </div>
        <button
          aria-controls="radix-:r0:"
          aria-expanded="false"
          aria-haspopup="dialog"
          data-state="closed"
          id="basket"
          type="button"
        >
          <img
            alt="basket"
            data-nimg="1"
            decoding="async"
            height="30"
            loading="lazy"
            src="/_next/image?url=%2Fbasket.png&w=64&q=75"
            srcset="/_next/image?url=%2Fbasket.png&w=32&q=75 1x, /_next/image?url=%2Fbasket.png&w=64&q=75 2x"
            style="color: transparent;"
            width="30"
          />
        </button>
      </div>
    </div>
  </body>,
  "container": <div>
    <div
      class="container className"
    >
      <div>
        <a
          href="/"
        >
          home |
        </a>
        <a
          href="/product-list"
        >
          | our t-shirts
        </a>
      </div>
      <button
        aria-controls="radix-:r0:"
        aria-expanded="false"
        aria-haspopup="dialog"
        data-state="closed"
        id="basket"
        type="button"
      >
        <img
          alt="basket"
          data-nimg="1"
          decoding="async"
          height="30"
          loading="lazy"
          src="/_next/image?url=%2Fbasket.png&w=64&q=75"
          srcset="/_next/image?url=%2Fbasket.png&w=32&q=75 1x, /_next/image?url=%2Fbasket.png&w=64&q=75 2x"
          style="color: transparent;"
          width="30"
        />
      </button>
    </div>
  </div>,
  "debug": [Function],
  "findAllByAltText": [Function],
  "findAllByDisplayValue": [Function],
  "findAllByLabelText": [Function],
  "findAllByPlaceholderText": [Function],
  "findAllByRole": [Function],
  "findAllByTestId": [Function],
  "findAllByText": [Function],
  "findAllByTitle": [Function],
  "findByAltText": [Function],
  "findByDisplayValue": [Function],
  "findByLabelText": [Function],
  "findByPlaceholderText": [Function],
  "findByRole": [Function],
  "findByTestId": [Function],
  "findByText": [Function],
  "findByTitle": [Function],
  "getAllByAltText": [Function],
  "getAllByDisplayValue": [Function],
  "getAllByLabelText": [Function],
  "getAllByPlaceholderText": [Function],
  "getAllByRole": [Function],
  "getAllByTestId": [Function],
  "getAllByText": [Function],
  "getAllByTitle": [Function],
  "getByAltText": [Function],
  "getByDisplayValue": [Function],
  "getByLabelText": [Function],
  "getByPlaceholderText": [Function],
  "getByRole": [Function],
  "getByTestId": [Function],
  "getByText": [Function],
  "getByTitle": [Function],
  "queryAllByAltText": [Function],
  "queryAllByDisplayValue": [Function],
  "queryAllByLabelText": [Function],
  "queryAllByPlaceholderText": [Function],
  "queryAllByRole": [Function],
  "queryAllByTestId": [Function],
  "queryAllByText": [Function],
  "queryAllByTitle": [Function],
  "queryByAltText": [Function],
  "queryByDisplayValue": [Function],
  "queryByLabelText": [Function],
  "queryByPlaceholderText": [Function],
  "queryByRole": [Function],
  "queryByTestId": [Function],
  "queryByText": [Function],
  "queryByTitle": [Function],
  "rerender": [Function],
  "unmount": [Function],
}
`;
